{"format":"semantic.kernel-run","kernel":"semantic.kernel-calculus/0018/v1","observation":{"check":{"format":"semantic.kernel-check","kernel":"semantic.kernel-calculus/0018/v1","observation":{"diagnostics":[{"actual":"omega","code":"usage.affine-duplicated","expected":"1","message":"one-shot resumption binder is used more than once","occurrence_path":"/program/operation_clauses/0/body","rule":"handler.operation"}],"labels":[],"tag":"rejected","types":[]},"version":1},"tag":"check-rejected"},"version":1}
