{"format":"semantic.kernel-run","kernel":"semantic.kernel-calculus/0018/v2","observation":{"check":{"format":"semantic.kernel-check","kernel":"semantic.kernel-calculus/0018/v2","observation":{"diagnostics":[{"actual":{"type_index":2},"code":"type.argument-mismatch","expected":{"type_index":0},"message":"function argument type does not match","occurrence_path":"/program/argument","rule":"computation.apply"}],"labels":[],"tag":"rejected","types":[{"tag":"bool"},{"tag":"int"},{"first":1,"second":1,"tag":"pair"}]},"version":2},"tag":"check-rejected"},"version":2}
