{"evidence":{"assumption_relation_ordinals":[2,3],"assumptions":["assumption.inventory.direct","assumption.inventory.transitive"],"direct":[{"entity_id":"evidence.inventory.pure","kind":"supports","relation_ordinal":0},{"entity_id":"evidence.inventory.pure","kind":"invalidates","relation_ordinal":1}],"target":"obligation.inventory.conformance"},"incoming":{"direction":"incoming","nodes":["obligation.inventory.conformance","evidence.inventory.pure"],"relation_kinds":["supports","invalidates"],"relation_ordinals":[0,1],"roots":["obligation.inventory.conformance"],"truncated":false}}
