{"assumptions":["the authenticated 0014 model implements its documented transition rules","scenario transaction descriptions remain immutable between replays","canonical JSON encoding is deterministic for report comparison"],"bounds":{"maximumStates":1,"maximumSteps":1,"maximumTransactions":1},"deadlock_state_count":0,"explored_transition_count":0,"format":"semantic.stm-exploration/v1","properties":[],"scenario_id":"empty","status":"complete","terminal_state_count":1,"unsupported_claims":["serializability outside the explored finite state space","liveness, fairness, lock freedom, and starvation freedom","production scheduler behavior","host memory safety","correctness of Effect primitives"],"visited_state_count":1}